{"logTime": "0927/142712", "correlationVector":"ENlWH2u3kkhiP9deonEVKH.1","action":"SyncServerConnectionManagerRequest", "result":"SYNC_SERVER_OK", "context":{"environment":"Prod_southindia_prod-s01-004-apac-southindia", "migrationStage":"NotStarted", "server":"akswtt10700007v"}}
{"logTime": "0927/142712", "correlationVector":"ENlWH2u3kkhiP9deonEVKH.2","action":"ProcessGetUpdates", "result":"Done", "context":{"dataType":"Encryption Keys", "deleted":"0", "process_failed_to_decrypt":"0", "process_pending_decryption":"0", "process_success":"1", "total":"1"}}
{"logTime": "0927/142713", "correlationVector":"o3jc8rjpGZsooHiCMs1Tre","action":"SyncServerConnectionManagerRequest", "result":"SYNC_SERVER_OK", "context":{"environment":"", "migrationStage":"", "server":""}}
{"logTime": "0927/142713", "correlationVector":"o3jc8rjpGZsooHiCMs1Tre.0","action":"EncryptionKeysFetcher.DownloadKeys:", "result":"Success", "context":Key count: 3, Last key timestamp: 2026-08-29T05:07:57Z}
{"logTime": "0927/142713", "correlationVector":"o3jc8rjpGZsooHiCMs1Tre.1","action":"EncryptionKeysManager::SetEncryptionKeys:", "result":"Success", "context":Key names[3]:[G/gwzmsp10JxvHkfTwd+JINtICQSOIxTxBKQzpUN2cvK73bnLzEq6vs6vf9AVxYKWRUH5FxyLCpbcmC9A1jR3A==][oz5xFi6kbWdpUJQV5VzhSzkDocbLrp7lsmQ4EHaXlYPFEXGS77NyUP4jbWV9wB6TGWfWLuCVdEeKgI5d2NNkWA==][WWG7ap+E6lliIUs9/f4BVMQk++o9XFYZn1XziEccGrn0BmSFLwKAWOn6/gB5fs3k3sEbG6nAs6QvwpFnIm2gig==]}
{"logTime": "0927/142713", "correlationVector":"o3jc8rjpGZsooHiCMs1Tre.2","action":"EncryptionKeysManager::SetEncryptionKeysWithTimestamps:", "result":"Success", "context":Key timestamps[3]:[2025-08-26T11:03:53Z][2026-02-23T14:25:53Z][2026-08-29T05:07:57Z]}
{"logTime": "0927/142713", "correlationVector":"ENlWH2u3kkhiP9deonEVKH","action":"Initial GetUpdates", "result":"", "context":Reason: NEW_CLIENT. cV=ENlWH2u3kkhiP9deonEVKH}
{"logTime": "0927/142713", "correlationVector":"ENlWH2u3kkhiP9deonEVKH.3","action":"GetUpdates Response", "result":"Success", "context":Received 1 update(s). cV=ENlWH2u3kkhiP9deonEVKH.0;server=akswtt10700007v;cloudType=Consumer;environment=Prod_southindia_prod-s01-004-apac-southindia;migrationStage=NotStarted}
{"logTime": "0927/142713", "correlationVector":"ws4p3ck8DJTBNL/yfp/Nfc","action":"Initial GetUpdates", "result":"", "context":Reason: NEWLY_SUPPORTED_DATATYPE. cV=ws4p3ck8DJTBNL/yfp/Nfc}
{"logTime": "0927/142716", "correlationVector":"ws4p3ck8DJTBNL/yfp/Nfc.1","action":"SyncServerConnectionManagerRequest", "result":"SYNC_SERVER_OK", "context":{"environment":"Prod_southindia_prod-s01-004-apac-southindia", "migrationStage":"NotStarted", "server":"akswtt1070000c3"}}
{"logTime": "0927/142716", "correlationVector":"ws4p3ck8DJTBNL/yfp/Nfc.2","action":"ProcessGetUpdates", "result":"Done", "context":{"dataType":"Passwords", "deleted":"11", "process_failed_to_decrypt":"0", "process_pending_decryption":"0", "process_success":"81", "total":"81"}}
{"logTime": "0927/142716", "correlationVector":"ws4p3ck8DJTBNL/yfp/Nfc.3","action":"ProcessGetUpdates", "result":"Done", "context":{"dataType":"Device Info", "deleted":"0", "process_failed_to_decrypt":"0", "process_pending_decryption":"0", "process_success":"2", "total":"2"}}
{"logTime": "0927/142716", "correlationVector":"ws4p3ck8DJTBNL/yfp/Nfc.4","action":"GetUpdates Response", "result":"Success", "context":Received 83 update(s). cV=ws4p3ck8DJTBNL/yfp/Nfc.0;server=akswtt1070000c3;cloudType=Consumer;environment=Prod_southindia_prod-s01-004-apac-southindia;migrationStage=NotStarted}
{"logTime": "0927/142716", "correlationVector":"yZl827AWkuGuSZRn20FwwA","action":"Initial GetUpdates", "result":"", "context":Reason: NEWLY_SUPPORTED_DATATYPE. cV=yZl827AWkuGuSZRn20FwwA}
{"logTime": "0927/142717", "correlationVector":"yZl827AWkuGuSZRn20FwwA.1","action":"SyncServerConnectionManagerRequest", "result":"SYNC_SERVER_OK", "context":{"environment":"Prod_southindia_prod-s01-004-apac-southindia", "migrationStage":"NotStarted", "server":"akswtt1070000c9"}}
{"logTime": "0927/142717", "correlationVector":"yZl827AWkuGuSZRn20FwwA.2","action":"ProcessGetUpdates", "result":"Done", "context":{"dataType":"Bookmarks", "deleted":"8", "process_failed_to_decrypt":"0", "process_pending_decryption":"0", "process_success":"14", "total":"14"}}
{"logTime": "0927/142717", "correlationVector":"yZl827AWkuGuSZRn20FwwA.3","action":"ProcessGetUpdates", "result":"Done", "context":{"dataType":"Preferences", "deleted":"0", "process_failed_to_decrypt":"0", "process_pending_decryption":"0", "process_success":"56", "total":"56"}}
{"logTime": "0927/142717", "correlationVector":"yZl827AWkuGuSZRn20FwwA.4","action":"ProcessGetUpdates", "result":"Done", "context":{"dataType":"Autofill Profiles", "deleted":"0", "process_failed_to_decrypt":"0", "process_pending_decryption":"0", "process_success":"55", "total":"55"}}
{"logTime": "0927/142717", "correlationVector":"yZl827AWkuGuSZRn20FwwA.5","action":"ProcessGetUpdates", "result":"Done", "context":{"dataType":"Autofill", "deleted":"0", "process_failed_to_decrypt":"0", "process_pending_decryption":"0", "process_success":"122", "total":"122"}}
{"logTime": "0927/142717", "correlationVector":"yZl827AWkuGuSZRn20FwwA.6","action":"ProcessGetUpdates", "result":"Done", "context":{"dataType":"Extensions", "deleted":"0", "process_failed_to_decrypt":"0", "process_pending_decryption":"0", "process_success":"1", "total":"1"}}
{"logTime": "0927/142717", "correlationVector":"yZl827AWkuGuSZRn20FwwA.7","action":"ProcessGetUpdates", "result":"Done", "context":{"dataType":"Saved Tab Group", "deleted":"0", "process_failed_to_decrypt":"0", "process_pending_decryption":"0", "process_success":"2", "total":"2"}}
{"logTime": "0927/142718", "correlationVector":"yZl827AWkuGuSZRn20FwwA.8","action":"GetUpdates Response", "result":"Success", "context":Received 250 update(s). cV=yZl827AWkuGuSZRn20FwwA.0;server=akswtt1070000c9;cloudType=Consumer;environment=Prod_southindia_prod-s01-004-apac-southindia;migrationStage=NotStarted Some updates remain.}
{"logTime": "0927/142718", "correlationVector":"0ZrKgOSmZmbbUUUhjEXjM1","action":"Initial GetUpdates", "result":"", "context":Reason: NEWLY_SUPPORTED_DATATYPE. cV=0ZrKgOSmZmbbUUUhjEXjM1}
{"logTime": "0927/142720", "correlationVector":"0ZrKgOSmZmbbUUUhjEXjM1.1","action":"SyncServerConnectionManagerRequest", "result":"SYNC_SERVER_OK", "context":{"environment":"Prod_southindia_prod-s01-004-apac-southindia", "migrationStage":"NotStarted", "server":"akswtt10700005u"}}
{"logTime": "0927/142720", "correlationVector":"0ZrKgOSmZmbbUUUhjEXjM1.2","action":"ProcessGetUpdates", "result":"Done", "context":{"dataType":"Autofill", "deleted":"0", "process_failed_to_decrypt":"0", "process_pending_decryption":"0", "process_success":"250", "total":"250"}}
{"logTime": "0927/142720", "correlationVector":"0ZrKgOSmZmbbUUUhjEXjM1.3","action":"GetUpdates Response", "result":"Success", "context":Received 250 update(s). cV=0ZrKgOSmZmbbUUUhjEXjM1.0;server=akswtt10700005u;cloudType=Consumer;environment=Prod_southindia_prod-s01-004-apac-southindia;migrationStage=NotStarted Some updates remain.}
{"logTime": "0927/142720", "correlationVector":"n3W6lfzKCqOSysudbKW47Y","action":"Initial GetUpdates", "result":"", "context":Reason: NEWLY_SUPPORTED_DATATYPE. cV=n3W6lfzKCqOSysudbKW47Y}
{"logTime": "0927/142723", "correlationVector":"n3W6lfzKCqOSysudbKW47Y.1","action":"SyncServerConnectionManagerRequest", "result":"SYNC_SERVER_OK", "context":{"environment":"Prod_southindia_prod-s01-004-apac-southindia", "migrationStage":"NotStarted", "server":"akswtt107000050"}}
{"logTime": "0927/142723", "correlationVector":"n3W6lfzKCqOSysudbKW47Y.2","action":"ProcessGetUpdates", "result":"Done", "context":{"dataType":"Autofill", "deleted":"0", "process_failed_to_decrypt":"0", "process_pending_decryption":"0", "process_success":"250", "total":"250"}}
{"logTime": "0927/142723", "correlationVector":"n3W6lfzKCqOSysudbKW47Y.3","action":"GetUpdates Response", "result":"Success", "context":Received 250 update(s). cV=n3W6lfzKCqOSysudbKW47Y.0;server=akswtt107000050;cloudType=Consumer;environment=Prod_southindia_prod-s01-004-apac-southindia;migrationStage=NotStarted Some updates remain.}
{"logTime": "0927/142723", "correlationVector":"yRY5z1ggXBZjig4JvkOWND","action":"Initial GetUpdates", "result":"", "context":Reason: NEWLY_SUPPORTED_DATATYPE. cV=yRY5z1ggXBZjig4JvkOWND}
{"logTime": "0927/142725", "correlationVector":"yRY5z1ggXBZjig4JvkOWND.1","action":"SyncServerConnectionManagerRequest", "result":"SYNC_SERVER_OK", "context":{"environment":"Prod_southindia_prod-s01-004-apac-southindia", "migrationStage":"NotStarted", "server":"akswtt107000041"}}
{"logTime": "0927/142725", "correlationVector":"yRY5z1ggXBZjig4JvkOWND.2","action":"ProcessGetUpdates", "result":"Done", "context":{"dataType":"Autofill", "deleted":"0", "process_failed_to_decrypt":"0", "process_pending_decryption":"0", "process_success":"250", "total":"250"}}
{"logTime": "0927/142725", "correlationVector":"yRY5z1ggXBZjig4JvkOWND.3","action":"GetUpdates Response", "result":"Success", "context":Received 250 update(s). cV=yRY5z1ggXBZjig4JvkOWND.0;server=akswtt107000041;cloudType=Consumer;environment=Prod_southindia_prod-s01-004-apac-southindia;migrationStage=NotStarted Some updates remain.}
{"logTime": "0927/142725", "correlationVector":"k149R+1hTxFFK6437LaO3A","action":"Initial GetUpdates", "result":"", "context":Reason: NEWLY_SUPPORTED_DATATYPE. cV=k149R+1hTxFFK6437LaO3A}
{"logTime": "0927/142728", "correlationVector":"k149R+1hTxFFK6437LaO3A.1","action":"SyncServerConnectionManagerRequest", "result":"SYNC_SERVER_OK", "context":{"environment":"Prod_southindia_prod-s01-004-apac-southindia", "migrationStage":"NotStarted", "server":"akswtt1070000c3"}}
{"logTime": "0927/142728", "correlationVector":"k149R+1hTxFFK6437LaO3A.2","action":"ProcessGetUpdates", "result":"Done", "context":{"dataType":"Bookmarks", "deleted":"2", "process_failed_to_decrypt":"0", "process_pending_decryption":"0", "process_success":"2", "total":"2"}}
{"logTime": "0927/142728", "correlationVector":"k149R+1hTxFFK6437LaO3A.3","action":"ProcessGetUpdates", "result":"Done", "context":{"dataType":"Preferences", "deleted":"0", "process_failed_to_decrypt":"0", "process_pending_decryption":"0", "process_success":"5", "total":"5"}}
{"logTime": "0927/142728", "correlationVector":"k149R+1hTxFFK6437LaO3A.4","action":"ProcessGetUpdates", "result":"Done", "context":{"dataType":"Autofill Profiles", "deleted":"0", "process_failed_to_decrypt":"0", "process_pending_decryption":"0", "process_success":"2", "total":"2"}}
{"logTime": "0927/142728", "correlationVector":"k149R+1hTxFFK6437LaO3A.5","action":"ProcessGetUpdates", "result":"Done", "context":{"dataType":"Autofill", "deleted":"0", "process_failed_to_decrypt":"0", "process_pending_decryption":"0", "process_success":"238", "total":"238"}}
{"logTime": "0927/142728", "correlationVector":"k149R+1hTxFFK6437LaO3A.6","action":"ProcessGetUpdates", "result":"Done", "context":{"dataType":"Saved Tab Group", "deleted":"2", "process_failed_to_decrypt":"0", "process_pending_decryption":"0", "process_success":"3", "total":"3"}}
{"logTime": "0927/142728", "correlationVector":"k149R+1hTxFFK6437LaO3A.7","action":"GetUpdates Response", "result":"Success", "context":Received 250 update(s). cV=k149R+1hTxFFK6437LaO3A.0;server=akswtt1070000c3;cloudType=Consumer;environment=Prod_southindia_prod-s01-004-apac-southindia;migrationStage=NotStarted Some updates remain.}
{"logTime": "0927/142728", "correlationVector":"EtRJIxtk+y6tAiAWdsaPQt","action":"Initial GetUpdates", "result":"", "context":Reason: NEWLY_SUPPORTED_DATATYPE. cV=EtRJIxtk+y6tAiAWdsaPQt}
{"logTime": "0927/142730", "correlationVector":"EtRJIxtk+y6tAiAWdsaPQt.1","action":"SyncServerConnectionManagerRequest", "result":"SYNC_SERVER_OK", "context":{"environment":"Prod_southindia_prod-s01-004-apac-southindia", "migrationStage":"NotStarted", "server":"akswtt107000050"}}
{"logTime": "0927/142730", "correlationVector":"EtRJIxtk+y6tAiAWdsaPQt.2","action":"ProcessGetUpdates", "result":"Done", "context":{"dataType":"Preferences", "deleted":"0", "process_failed_to_decrypt":"0", "process_pending_decryption":"0", "process_success":"3", "total":"3"}}
{"logTime": "0927/142730", "correlationVector":"EtRJIxtk+y6tAiAWdsaPQt.3","action":"ProcessGetUpdates", "result":"Done", "context":{"dataType":"Autofill Profiles", "deleted":"3", "process_failed_to_decrypt":"0", "process_pending_decryption":"0", "process_success":"5", "total":"5"}}
{"logTime": "0927/142730", "correlationVector":"EtRJIxtk+y6tAiAWdsaPQt.4","action":"ProcessGetUpdates", "result":"Done", "context":{"dataType":"Autofill", "deleted":"0", "process_failed_to_decrypt":"0", "process_pending_decryption":"0", "process_success":"112", "total":"112"}}
{"logTime": "0927/142730", "correlationVector":"EtRJIxtk+y6tAiAWdsaPQt.5","action":"ProcessGetUpdates", "result":"Done", "context":{"dataType":"Sessions", "deleted":"127", "process_failed_to_decrypt":"0", "process_pending_decryption":"0", "process_success":"127", "total":"127"}}
{"logTime": "0927/142730", "correlationVector":"EtRJIxtk+y6tAiAWdsaPQt.6","action":"ProcessGetUpdates", "result":"Done", "context":{"dataType":"Saved Tab Group", "deleted":"1", "process_failed_to_decrypt":"0", "process_pending_decryption":"0", "process_success":"1", "total":"1"}}
{"logTime": "0927/142730", "correlationVector":"EtRJIxtk+y6tAiAWdsaPQt.7","action":"ProcessGetUpdates", "result":"Done", "context":{"dataType":"Edge Hub App Usage", "deleted":"1", "process_failed_to_decrypt":"0", "process_pending_decryption":"0", "process_success":"2", "total":"2"}}
{"logTime": "0927/142730", "correlationVector":"EtRJIxtk+y6tAiAWdsaPQt.8","action":"GetUpdates Response", "result":"Success", "context":Received 250 update(s). cV=EtRJIxtk+y6tAiAWdsaPQt.0;server=akswtt107000050;cloudType=Consumer;environment=Prod_southindia_prod-s01-004-apac-southindia;migrationStage=NotStarted Some updates remain.}
{"logTime": "0927/142730", "correlationVector":"t9a6AfIEde1zNGd3cvlEjU","action":"Initial GetUpdates", "result":"", "context":Reason: NEWLY_SUPPORTED_DATATYPE. cV=t9a6AfIEde1zNGd3cvlEjU}
{"logTime": "0927/142731", "correlationVector":"t9a6AfIEde1zNGd3cvlEjU.1","action":"SyncServerConnectionManagerRequest", "result":"SYNC_SERVER_OK", "context":{"environment":"Prod_southindia_prod-s01-004-apac-southindia", "migrationStage":"NotStarted", "server":"akswtt107000041"}}
{"logTime": "0927/142731", "correlationVector":"t9a6AfIEde1zNGd3cvlEjU.2","action":"ProcessGetUpdates", "result":"Done", "context":{"dataType":"Autofill Profiles", "deleted":"4", "process_failed_to_decrypt":"0", "process_pending_decryption":"0", "process_success":"4", "total":"4"}}
{"logTime": "0927/142731", "correlationVector":"t9a6AfIEde1zNGd3cvlEjU.3","action":"ProcessGetUpdates", "result":"Done", "context":{"dataType":"Autofill", "deleted":"0", "process_failed_to_decrypt":"0", "process_pending_decryption":"0", "process_success":"10", "total":"10"}}
{"logTime": "0927/142731", "correlationVector":"t9a6AfIEde1zNGd3cvlEjU.4","action":"ProcessGetUpdates", "result":"Done", "context":{"dataType":"Sessions", "deleted":"233", "process_failed_to_decrypt":"0", "process_pending_decryption":"0", "process_success":"233", "total":"233"}}
{"logTime": "0927/142731", "correlationVector":"t9a6AfIEde1zNGd3cvlEjU.5","action":"ProcessGetUpdates", "result":"Done", "context":{"dataType":"Edge Hub App Usage", "deleted":"1", "process_failed_to_decrypt":"0", "process_pending_decryption":"0", "process_success":"3", "total":"3"}}
{"logTime": "0927/142731", "correlationVector":"t9a6AfIEde1zNGd3cvlEjU.6","action":"GetUpdates Response", "result":"Success", "context":Received 250 update(s). cV=t9a6AfIEde1zNGd3cvlEjU.0;server=akswtt107000041;cloudType=Consumer;environment=Prod_southindia_prod-s01-004-apac-southindia;migrationStage=NotStarted Some updates remain.}
{"logTime": "0927/142731", "correlationVector":"ZO08I/07+f+8WXgGiseLHF","action":"Initial GetUpdates", "result":"", "context":Reason: NEWLY_SUPPORTED_DATATYPE. cV=ZO08I/07+f+8WXgGiseLHF}
{"logTime": "0927/142732", "correlationVector":"ZO08I/07+f+8WXgGiseLHF.1","action":"SyncServerConnectionManagerRequest", "result":"SYNC_SERVER_OK", "context":{"environment":"Prod_southindia_prod-s01-004-apac-southindia", "migrationStage":"NotStarted", "server":"akswtt1070000c8"}}
{"logTime": "0927/142732", "correlationVector":"ZO08I/07+f+8WXgGiseLHF.2","action":"ProcessGetUpdates", "result":"Done", "context":{"dataType":"Bookmarks", "deleted":"9", "process_failed_to_decrypt":"0", "process_pending_decryption":"0", "process_success":"9", "total":"9"}}
{"logTime": "0927/142732", "correlationVector":"ZO08I/07+f+8WXgGiseLHF.3","action":"ProcessGetUpdates", "result":"Done", "context":{"dataType":"Preferences", "deleted":"0", "process_failed_to_decrypt":"0", "process_pending_decryption":"0", "process_success":"2", "total":"2"}}
{"logTime": "0927/142732", "correlationVector":"ZO08I/07+f+8WXgGiseLHF.4","action":"ProcessGetUpdates", "result":"Done", "context":{"dataType":"Autofill Profiles", "deleted":"4", "process_failed_to_decrypt":"0", "process_pending_decryption":"0", "process_success":"5", "total":"5"}}
{"logTime": "0927/142732", "correlationVector":"ZO08I/07+f+8WXgGiseLHF.5","action":"ProcessGetUpdates", "result":"Done", "context":{"dataType":"Autofill", "deleted":"0", "process_failed_to_decrypt":"0", "process_pending_decryption":"0", "process_success":"7", "total":"7"}}
{"logTime": "0927/142732", "correlationVector":"ZO08I/07+f+8WXgGiseLHF.6","action":"ProcessGetUpdates", "result":"Done", "context":{"dataType":"Sessions", "deleted":"224", "process_failed_to_decrypt":"0", "process_pending_decryption":"0", "process_success":"224", "total":"224"}}
{"logTime": "0927/142732", "correlationVector":"ZO08I/07+f+8WXgGiseLHF.7","action":"ProcessGetUpdates", "result":"Done", "context":{"dataType":"Saved Tab Group", "deleted":"3", "process_failed_to_decrypt":"0", "process_pending_decryption":"0", "process_success":"3", "total":"3"}}
